Graphe : ../testGraphe25.txt
Sommet 0 : 0 1 1 1 1 1 1 1 1 1 1 0 1 1 1 1 1 1 1 1 1 1 1 1 1
Sommet 1 : 1 0 0 1 1 1 1 1 1 1 1 1 0 1 0 1 1 1 1 0 1 1 1 1 1
Sommet 2 : 1 0 0 1 1 1 1 1 1 1 1 1 1 1 1 0 1 1 1 1 1 0 1 1 1
Sommet 3 : 1 1 1 0 1 1 1 1 1 1 1 1 1 1 1 1 1 1 1 1 1 0 1 1 0
Sommet 4 : 1 1 1 1 0 1 1 1 1 1 1 1 1 1 1 1 1 1 1 0 1 0 0 1 1
Sommet 5 : 1 1 1 1 1 0 1 1 1 1 1 1 1 0 0 1 1 1 1 1 1 1 1 1 1
Sommet 6 : 1 1 1 1 1 1 0 1 1 1 1 1 1 0 1 1 1 1 1 1 1 1 1 1 1
Sommet 7 : 1 1 1 1 1 1 1 0 1 1 1 0 1 1 1 1 1 1 1 1 1 1 1 1 1
Sommet 8 : 1 1 1 1 1 1 1 1 0 1 1 0 1 1 1 1 1 1 1 1 1 1 1 1 1
Sommet 9 : 1 1 1 1 1 1 1 1 1 0 1 1 1 1 1 1 1 1 1 0 1 1 1 1 1
Sommet 10 : 1 1 1 1 1 1 1 1 1 1 0 1 1 1 0 1 1 1 1 1 1 1 1 1 1
Sommet 11 : 0 1 1 1 1 1 1 0 0 1 1 0 1 1 0 1 1 1 1 1 1 1 1 1 1
Sommet 12 : 1 0 1 1 1 1 1 1 1 1 1 1 0 0 1 1 1 1 1 1 1 1 1 1 1
Sommet 13 : 1 1 1 1 1 0 0 1 1 1 1 1 0 0 1 1 1 1 1 1 1 1 1 1 1
Sommet 14 : 1 0 1 1 1 0 1 1 1 1 0 0 1 1 0 1 1 1 1 1 1 1 1 1 1
Sommet 15 : 1 1 0 1 1 1 1 1 1 1 1 1 1 1 1 0 1 1 1 1 0 1 0 1 0
Sommet 16 : 1 1 1 1 1 1 1 1 1 1 1 1 1 1 1 1 0 1 1 1 1 1 1 1 1
Sommet 17 : 1 1 1 1 1 1 1 1 1 1 1 1 1 1 1 1 1 0 1 1 1 1 1 1 1
Sommet 18 : 1 1 1 1 1 1 1 1 1 1 1 1 1 1 1 1 1 1 0 0 1 1 1 1 1
Sommet 19 : 1 0 1 1 0 1 1 1 1 0 1 1 1 1 1 1 1 1 0 0 1 1 1 1 1
Sommet 20 : 1 1 1 1 1 1 1 1 1 1 1 1 1 1 1 0 1 1 1 1 0 1 1 0 0
Sommet 21 : 1 1 0 0 0 1 1 1 1 1 1 1 1 1 1 1 1 1 1 1 1 0 0 1 1
Sommet 22 : 1 1 1 1 0 1 1 1 1 1 1 1 1 1 1 0 1 1 1 1 1 0 0 1 0
Sommet 23 : 1 1 1 1 1 1 1 1 1 1 1 1 1 1 1 1 1 1 1 1 0 1 1 0 1
Sommet 24 : 1 1 1 0 1 1 1 1 1 1 1 1 1 1 1 0 1 1 1 1 0 1 0 1 0

***********************************
Coloration initiale : 
Coloration
 Partitions  : 
Vk[0] : 19 9 -->  2 éléments.
Vk[1] : 17 2 -->  2 éléments.
Vk[2] : 11 14 -->  2 éléments.
Vk[3] : 22 21 -->  2 éléments.
Vk[4] : 3 13 -->  2 éléments.
Vk[5] : 7 16 -->  2 éléments.
Vk[6] : 6 5 -->  2 éléments.
Vk[7] : 24 20 -->  2 éléments.
Vk[8] : 12 1 -->  2 éléments.
Vk[9] : 0 23 -->  2 éléments.
Vk[10] : 15 -->  1 éléments.
Vk[11] : 8 -->  1 éléments.
Vk[12] : 10 -->  1 éléments.
Vk[13] : 18 -->  1 éléments.
Vk[14] : 4 -->  1 éléments.
Matrice M
M[0] : 2 2 1 2 2 2 2 2 2 1 1 1 1 1 1
M[1] : 1 1 1 2 2 2 2 2 0 2 1 1 1 1 1
M[2] : 2 1 2 1 2 2 2 2 1 2 0 1 1 1 1
M[3] : 2 2 2 1 1 2 2 1 2 2 1 1 1 1 1
M[4] : 1 2 2 0 2 2 2 2 2 2 1 1 1 1 0
M[5] : 2 2 1 2 1 2 1 2 2 2 1 1 1 1 1
M[6] : 2 2 2 2 1 2 1 2 2 2 1 1 1 1 1
M[7] : 2 2 1 2 2 1 2 2 2 2 1 1 1 1 1
M[8] : 2 2 1 2 2 2 2 2 2 2 1 0 1 1 1
M[9] : 0 2 2 2 2 2 2 2 2 2 1 1 1 1 1
M[10] : 2 2 1 2 2 2 2 2 2 2 1 1 0 1 1
M[11] : 2 2 0 2 2 1 2 2 2 1 1 0 1 1 1
M[12] : 2 2 2 2 1 2 2 2 0 2 1 1 1 1 1
M[13] : 2 2 2 2 1 2 0 2 1 2 1 1 1 1 1
M[14] : 2 2 0 2 2 2 1 2 1 2 1 1 0 1 1
M[15] : 2 1 2 1 2 2 2 0 2 2 0 1 1 1 1
M[16] : 2 2 2 2 2 1 2 2 2 2 1 1 1 1 1
M[17] : 2 1 2 2 2 2 2 2 2 2 1 1 1 1 1
M[18] : 1 2 2 2 2 2 2 2 2 2 1 1 1 0 1
M[19] : 0 2 2 2 2 2 2 2 1 2 1 1 1 0 0
M[20] : 2 2 2 2 2 2 2 0 2 1 0 1 1 1 1
M[21] : 2 1 2 0 1 2 2 2 2 2 1 1 1 1 0
M[22] : 2 2 2 0 2 2 2 1 2 2 0 1 1 1 0
M[23] : 2 2 2 2 2 2 2 1 2 1 1 1 1 1 1
M[24] : 2 2 2 1 1 2 2 0 2 2 0 1 1 1 1

Sommets en conflit : 17 2 3 13 7 16 6 5 0 23
================================
Coloration finale : 
Coloration
 Partitions  : 
Vk[0] : 19 9 -->  2 éléments.
Vk[1] : 2 15 -->  2 éléments.
Vk[2] : 14 10 -->  2 éléments.
Vk[3] : 22 21 -->  2 éléments.
Vk[4] : 7 11 -->  2 éléments.
Vk[5] : 23 20 -->  2 éléments.
Vk[6] : 5 13 -->  2 éléments.
Vk[7] : 24 3 -->  2 éléments.
Vk[8] : 12 1 -->  2 éléments.
Vk[9] : 6 4 -->  2 éléments.
Vk[10] : 17 -->  1 éléments.
Vk[11] : 16 -->  1 éléments.
Vk[12] : 18 -->  1 éléments.
Vk[13] : 0 -->  1 éléments.
Vk[14] : 8 -->  1 éléments.
Matrice M
M[0] : 2 2 2 2 1 2 2 2 2 2 1 1 1 0 1
M[1] : 1 1 1 2 2 2 2 2 0 2 1 1 1 1 1
M[2] : 2 0 2 1 2 2 2 2 1 2 1 1 1 1 1
M[3] : 2 2 2 1 2 2 2 0 2 2 1 1 1 1 1
M[4] : 1 2 2 0 2 2 2 2 2 1 1 1 1 1 1
M[5] : 2 2 1 2 2 2 0 2 2 2 1 1 1 1 1
M[6] : 2 2 2 2 2 2 1 2 2 1 1 1 1 1 1
M[7] : 2 2 2 2 0 2 2 2 2 2 1 1 1 1 1
M[8] : 2 2 2 2 1 2 2 2 2 2 1 1 1 1 0
M[9] : 0 2 2 2 2 2 2 2 2 2 1 1 1 1 1
M[10] : 2 2 0 2 2 2 2 2 2 2 1 1 1 1 1
M[11] : 2 2 1 2 0 2 2 2 2 2 1 1 1 0 0
M[12] : 2 2 2 2 2 2 1 2 0 2 1 1 1 1 1
M[13] : 2 2 2 2 2 2 0 2 1 1 1 1 1 1 1
M[14] : 2 2 0 2 1 2 1 2 1 2 1 1 1 1 1
M[15] : 2 0 2 1 2 1 2 1 2 2 1 1 1 1 1
M[16] : 2 2 2 2 2 2 2 2 2 2 1 0 1 1 1
M[17] : 2 2 2 2 2 2 2 2 2 2 0 1 1 1 1
M[18] : 1 2 2 2 2 2 2 2 2 2 1 1 0 1 1
M[19] : 0 2 2 2 2 2 2 2 1 1 1 1 0 1 1
M[20] : 2 1 2 2 2 0 2 1 2 2 1 1 1 1 1
M[21] : 2 1 2 0 2 2 2 1 2 1 1 1 1 1 1
M[22] : 2 1 2 0 2 2 2 1 2 1 1 1 1 1 1
M[23] : 2 2 2 2 2 0 2 2 2 2 1 1 1 1 1
M[24] : 2 1 2 1 2 1 2 0 2 2 1 1 1 1 1

Sommets en conflit : 6 4
Goood Jooob Guy !
